$ sshrot --info
MPI
$ sshrot --muxstart
usage: sshrot [-c] [-e] [--info] [--muxstart] [--muxstop] [-h] [--notimes]
              [--unittest] [--verbose]
              [WORD [WORD ...]]
sshrot: error: SSH session multiplexing is not supported in MPI mode
$ sshrot --muxstop
usage: sshrot [-c] [-e] [--info] [--muxstart] [--muxstop] [-h] [--notimes]
              [--unittest] [--verbose]
              [WORD [WORD ...]]
sshrot: error: SSH session multiplexing is not supported in MPI mode
$ (sshrot 'sleep 1 && echo a && sleep 1 && echo b' &)
$ (sshrot 'sleep 1 && echo a && sleep 1 && echo b' &)
$ (sshrot 'sleep 1 && echo a && sleep 1 && echo b' &)
$ sleep 0.5
Reported: 1 (out of 1) daemons - 1 (out of 1) procs
Reported: 1 (out of 1) daemons - 1 (out of 1) procs
$ sleep 1.0
a
a
a
$ sleep 1.0
b
b
b
$ (sshrot 'hostname > hostname.1')
$ (sshrot 'hostname > hostname.2')
Reported: 1 (out of 1) daemons - 1 (out of 1) procs
$ (cmp --quiet hostname.1 hostname.2 || echo commands ran on different nodes)
commands ran on different nodes
$ make -j2 --quiet
Reported: 1 (out of 1) daemons - 1 (out of 1) procs
Reported: 1 (out of 1) daemons - 1 (out of 1) procs
Reported: 1 (out of 1) daemons - 1 (out of 1) procs
Reported: 1 (out of 1) daemons - 1 (out of 1) procs
Reported: 1 (out of 1) daemons - 1 (out of 1) procs
$ (cat out/* | sort)
      1 baz
      2 bar
      3 foo
