*** Check input files for unique names
$ quacreduce --map cat --reduce cat foo/bar.txt baz/qux.txt
0
$ quacreduce --map cat --reduce cat foo/bar.txt baz/bar.txt
usage: quacreduce [--map CMD] [--reduce CMD] [--python CLASS] [--pyargs DICT]
                  [--dist] [--file-reader CMD] [--jobdir DIR] [--partitions N]
                  [--sortdir DIR] [--sortmem N] [--update] [-h]
                  [--config FILE] [--notimes] [--unittest] [--verbose]
                  FILE [FILE ...]
quacreduce: error: input file basenames must be unique
2
*** Check specification of --python, --map, --reduce
*** these should succeed
$ quacreduce --map foo --reduce bar input.txt
0
$ quacreduce --python foo --map bar input.txt
0
$ quacreduce --python foo --reduce bar input.txt
0
*** these should fail
$ quacreduce --notimes input.txt
quacr FATAL    must specify both mapper and reducer
1
$ quacreduce --notimes --map bar input.txt
quacr FATAL    must specify both mapper and reducer
1
$ quacreduce --notimes --reduce bar input.txt
quacr FATAL    must specify both mapper and reducer
1
$ quacreduce --notimes --python foo --map bar --reduce baz input.txt
quacr FATAL    cannot specify all of --python, --map, --reduce
1
*** Check that job fails if the map or reduce commands fail
$ quacreduce --notimes --map false --reduce true /dev/null
$ make --quiet
Makefile:15: recipe for target 'tmp/null.mapped' failed
make: *** [tmp/null.mapped] Error 1
$ quacreduce --notimes --map true --reduce false /dev/null
$ make --quiet
Makefile:19: recipe for target 'tmp/0.reduced' failed
make: *** [tmp/0.reduced] Error 1
