$ ngrams-build ...
ngbld INFO     starting
ngbld INFO     input appears to be Wikimedia pageview logs
ngbld INFO     loading metadata
ngbld INFO     setting up job
ngbld INFO     writing totals
ngbld INFO     running job
ngbld INFO     cleaning up job
ngbld INFO     done
$ ls -R series
series:
Makefile
out
tmp

series/out:
0
1
2
3
4
5
6
7
8
9
total.pkl.gz

series/tmp:
$ (ngrams-search --notimes --query candy /nonexistent || true)
ngsch FATAL    no input files in /nonexistent
$ (ngrams-search --query "en Halloween" series/out)
en Halloween	5304291	2012-10-28	2012-11-04
$ (ngrams-search --detail --query "en Halloween" series/out)
2012-10-28	190064	489784	388057.0
2012-10-29	230443	807736	285295.0
2012-10-30	528369	1264959	417697.0
2012-10-31	3766649	4703908	800749.0
2012-11-01	392849	989505	397016.0
2012-11-02	96888	430686	224962.0
2012-11-03	53633	311596	172124.0
2012-11-04	45396	249042	182282.0
$ (ngrams-search --query "ru %D0%A5%D1%8D%D0%BB%D0%BB%D0%BE%D1%83%D0%B8%D0%BD" series/out)
ru %D0%A5%D1%8D%D0%BB%D0%BB%D0%BE%D1%83%D0%B8%D0%BD	405004	2012-10-28	2012-11-04
$ (ngrams-search --detail --query "ru %D0%A5%D1%8D%D0%BB%D0%BB%D0%BE%D1%83%D0%B8%D0%BD" series/out)
2012-10-28	46503	50948	912754.0
2012-10-29	49348	54492	905601.0
2012-10-30	89337	96846	922465.0
2012-10-31	165207	180487	915340.0
2012-11-01	28959	34134	848392.0
2012-11-02	12914	16433	785858.0
2012-11-03	7405	10899	679420.0
2012-11-04	5331	8222	648382.0
$ (ngrams-search --query "ru %D5%FD%EB%EB%EE%F3%E8%ED" series/out)
$ (ngrams-search --detail --query "ru %D5%FD%EB%EB%EE%F3%E8%ED" series/out)
$ (ngrams-search --query "en Sandy,_Utah" series/out)
en Sandy,_Utah	8307	2012-10-28	2012-11-04
$ (ngrams-search --detail --query "en Sandy,_Utah" series/out)
2012-10-28	663	489784	1353.66
2012-10-29	1815	807736	2247.02
2012-10-30	2158	1264959	1705.98
2012-10-31	989	4703908	210.251
2012-11-01	748	989505	755.934
2012-11-02	698	430686	1620.67
2012-11-03	724	311596	2323.52
2012-11-04	512	249042	2055.88
$ (ngrams-search --query "en Hurricane_Sandy" series/out)
en Hurricane_Sandy	1443322	2012-10-28	2012-11-04
$ (ngrams-search --detail --query "en Hurricane_Sandy" series/out)
2012-10-28	77527	489784	158288.0
2012-10-29	278489	807736	344777.0
2012-10-30	353250	1264959	279258.0
2012-10-31	204730	4703908	43523.4
2012-11-01	177163	989505	179042.0
2012-11-02	148859	430686	345632.0
2012-11-03	114007	311596	365881.0
2012-11-04	89297	249042	358562.0
$ (ngrams-correlate --notimes /nonexistent halloween.xls || true)
usage: ngrams-correlate [--min-similarity X] [--min-ppm X]
                        [--tw-sample-rate X] [--run RUN] [--clean] [--map CMD]
                        [--reduce CMD] [--python CLASS] [--pyargs DICT]
                        [--dist] [--file-reader CMD] [--jobdir DIR]
                        [--partitions N] [--sortdir DIR] [--sortmem N]
                        [--update] [-h] [--notimes] [--unittest] [--verbose]
                        FILE [FILE ...]
ngrams-correlate: error: /nonexistent is not a directory
$ (ngrams-correlate --notimes /bin/sh halloween.xls || true)
usage: ngrams-correlate [--min-similarity X] [--min-ppm X]
                        [--tw-sample-rate X] [--run RUN] [--clean] [--map CMD]
                        [--reduce CMD] [--python CLASS] [--pyargs DICT]
                        [--dist] [--file-reader CMD] [--jobdir DIR]
                        [--partitions N] [--sortdir DIR] [--sortmem N]
                        [--update] [-h] [--notimes] [--unittest] [--verbose]
                        FILE [FILE ...]
ngrams-correlate: error: /bin/sh is not a directory
$ (ngrams-correlate --notimes /bin /etc || true)
usage: ngrams-correlate [--min-similarity X] [--min-ppm X]
                        [--tw-sample-rate X] [--run RUN] [--clean] [--map CMD]
                        [--reduce CMD] [--python CLASS] [--pyargs DICT]
                        [--dist] [--file-reader CMD] [--jobdir DIR]
                        [--partitions N] [--sortdir DIR] [--sortmem N]
                        [--update] [-h] [--notimes] [--unittest] [--verbose]
                        FILE [FILE ...]
ngrams-correlate: error: /etc is not a file
$ (ngrams-correlate --notimes series /nonexistent.xls || true)
usage: ngrams-correlate [--min-similarity X] [--min-ppm X]
                        [--tw-sample-rate X] [--run RUN] [--clean] [--map CMD]
                        [--reduce CMD] [--python CLASS] [--pyargs DICT]
                        [--dist] [--file-reader CMD] [--jobdir DIR]
                        [--partitions N] [--sortdir DIR] [--sortmem N]
                        [--update] [-h] [--notimes] [--unittest] [--verbose]
                        FILE [FILE ...]
ngrams-correlate: error: /nonexistent.xls is not a file
$ ngrams-correlate ...
ngcor INFO     starting
ngcor INFO     setting up job
ngcor INFO     running job
ngcor INFO     cleaning up job
ngcor INFO     done
$ ls -R corr
corr:
Makefile
out
tmp

corr/out:
halloween:halloween.tsv
halloween:s%40ndy.tsv

corr/tmp:
$ head -10 corr/out/halloween:halloween.tsv
en Superstorm_Sandy_/_Frankenstorm_2012	0.998131072997	123.324	0.0
ru %D0%A4%D0%B0%D0%B9%D0%BB:Halloween.JPG	0.998131028514	234.37	0.0
en Halloween_Horror_Nights	0.996101775141	11332.9	831.205
en Sandy_(singer)	-0.993906679669	240.923	30.1877
en Halloween_(disambiguation)	0.986674604644	12167.3	2586.68
en File:Enterprise_torn_tent_Sandy_jeh.jpg	0.986260293654	1512.3	0.0
en Sandy_Lyle	-0.986028457399	205.394	18.7078
en File:Hurricane_Sandy_on_101st_St.JPG	0.983787179232	3732.93	0.0
en Sandy_Springs,_Georgia	-0.963240991463	943.529	131.168
en Sandy_Alomar,_Jr.	-0.960475982565	411.317	73.1307
$ head -10 corr/out/halloween:s%40ndy.tsv
en File:Pumpkin_craft_for_Halloween.JPG	0.998699997992	1137.24	180.692
en File:President_Barack_Obama_receiving_update_to_Hurricane_Sandy.jpg	0.997011129808	5895.84	0.0
en File:Hurricane_Sandy_on_101st_St.JPG	0.995367212456	3732.93	0.0
en File:Happy_Halloween_1!.jpg	0.995329584973	328.864	25.6743
en File:Sandy_Oct_28_17.50(UTC).jpg	0.994430833998	6542.98	0.0
en File:Hurricane_Sandy_GOES-13_Oct_24_2012_1445z.png	0.994355038742	3550.67	92.3539
en Hurricane_Sandy_(2012)	0.990301410719	43695.0	1598.12
en Tropical_Storm_Sandy_%25282012%2529	0.984317684622	253.173	0.0
en File:Enterprise_torn_tent_Sandy_jeh.jpg	0.983351769075	1512.3	0.0
en Tropical_Storm_Sandy_(2012)	0.982833661634	10141.9	77.8167
