$ ngrams-build ...
ngbld INFO     starting
ngbld INFO     input appears to be Wikimedia pageview logs
ngbld INFO     loading metadata
ngbld INFO     setting up job
ngbld INFO     writing totals
ngbld INFO     running job
ngbld INFO     cleaning up job
ngbld INFO     done
$ ls -R series
series:
Makefile
out
tmp

series/out:
0
1
2
3
4
5
6
7
8
9
total.pkl.gz

series/tmp:
$ (ngrams-search --notimes --query candy /nonexistent || true)
ngsch FATAL    no input files in /nonexistent
$ (ngrams-search --query "en Halloween" series/out)
en Halloween	5311669	2012-10-27	2012-11-04
$ (ngrams-search --detail --query "en Halloween" series/out)
2012-10-27	7378	237810528	31.0247
2012-10-28	190064	257797968	737.26
2012-10-29	230443	286941824	803.1
2012-10-30	528369	272930400	1935.91
2012-10-31	3766649	277242368	13586.1
2012-11-01	392849	268964416	1460.6
2012-11-02	96888	266744672	363.224
2012-11-03	53633	246240160	217.808
2012-11-04	45396	265980816	170.674
$ (ngrams-search --query "ru %D0%A5%D1%8D%D0%BB%D0%BB%D0%BE%D1%83%D0%B8%D0%BD" series/out)
ru %D0%A5%D1%8D%D0%BB%D0%BB%D0%BE%D1%83%D0%B8%D0%BD	405520	2012-10-27	2012-11-04
$ (ngrams-search --detail --query "ru %D0%A5%D1%8D%D0%BB%D0%BB%D0%BE%D1%83%D0%B8%D0%BD" series/out)
2012-10-27	516	27551172	18.7288
2012-10-28	46503	30962896	1501.89
2012-10-29	49348	30949860	1594.45
2012-10-30	89337	29314452	3047.54
2012-10-31	165207	28606062	5775.24
2012-11-01	28959	27341372	1059.16
2012-11-02	12914	26368248	489.756
2012-11-03	7405	24855564	297.921
2012-11-04	5331	26790392	198.989
$ (ngrams-search --query "ru %D5%FD%EB%EB%EE%F3%E8%ED" series/out)
$ (ngrams-search --detail --query "ru %D5%FD%EB%EB%EE%F3%E8%ED" series/out)
$ (ngrams-search --query "en Sandy,_Utah" series/out)
en Sandy,_Utah	8325	2012-10-27	2012-11-04
$ (ngrams-search --detail --query "en Sandy,_Utah" series/out)
2012-10-27	18	237810528	0.0756905
2012-10-28	663	257797968	2.57178
2012-10-29	1815	286941824	6.32532
2012-10-30	2158	272930400	7.90678
2012-10-31	989	277242368	3.56728
2012-11-01	748	268964416	2.78104
2012-11-02	698	266744672	2.61673
2012-11-03	724	246240160	2.94022
2012-11-04	512	265980816	1.92495
$ (ngrams-search --query "en Hurricane_Sandy" series/out)
en Hurricane_Sandy	1445878	2012-10-27	2012-11-04
$ (ngrams-search --detail --query "en Hurricane_Sandy" series/out)
2012-10-27	2556	237810528	10.7481
2012-10-28	77527	257797968	300.728
2012-10-29	278489	286941824	970.542
2012-10-30	353250	272930400	1294.29
2012-10-31	204730	277242368	738.451
2012-11-01	177163	268964416	658.686
2012-11-02	148859	266744672	558.058
2012-11-03	114007	246240160	462.991
2012-11-04	89297	265980816	335.727
$ (ngrams-correlate --notimes /nonexistent halloween.xls || true)
usage: ngrams-correlate [--min-similarity X] [--min-ppm X]
                        [--tw-sample-rate X] [--run RUN] [--clean] [--map CMD]
                        [--reduce CMD] [--python CLASS] [--pyargs DICT]
                        [--dist] [--file-reader CMD] [--jobdir DIR]
                        [--partitions N] [--sortdir DIR] [--sortmem N]
                        [--update] [-h] [--notimes] [--unittest] [--verbose]
                        FILE [FILE ...]
ngrams-correlate: error: /nonexistent is not a directory
$ (ngrams-correlate --notimes /bin/sh halloween.xls || true)
usage: ngrams-correlate [--min-similarity X] [--min-ppm X]
                        [--tw-sample-rate X] [--run RUN] [--clean] [--map CMD]
                        [--reduce CMD] [--python CLASS] [--pyargs DICT]
                        [--dist] [--file-reader CMD] [--jobdir DIR]
                        [--partitions N] [--sortdir DIR] [--sortmem N]
                        [--update] [-h] [--notimes] [--unittest] [--verbose]
                        FILE [FILE ...]
ngrams-correlate: error: /bin/sh is not a directory
$ (ngrams-correlate --notimes /bin /etc || true)
usage: ngrams-correlate [--min-similarity X] [--min-ppm X]
                        [--tw-sample-rate X] [--run RUN] [--clean] [--map CMD]
                        [--reduce CMD] [--python CLASS] [--pyargs DICT]
                        [--dist] [--file-reader CMD] [--jobdir DIR]
                        [--partitions N] [--sortdir DIR] [--sortmem N]
                        [--update] [-h] [--notimes] [--unittest] [--verbose]
                        FILE [FILE ...]
ngrams-correlate: error: /etc is not a file
$ (ngrams-correlate --notimes series /nonexistent.xls || true)
usage: ngrams-correlate [--min-similarity X] [--min-ppm X]
                        [--tw-sample-rate X] [--run RUN] [--clean] [--map CMD]
                        [--reduce CMD] [--python CLASS] [--pyargs DICT]
                        [--dist] [--file-reader CMD] [--jobdir DIR]
                        [--partitions N] [--sortdir DIR] [--sortmem N]
                        [--update] [-h] [--notimes] [--unittest] [--verbose]
                        FILE [FILE ...]
ngrams-correlate: error: /nonexistent.xls is not a file
$ ngrams-correlate ...
ngcor INFO     starting
ngcor INFO     setting up job
ngcor INFO     running job
ngcor INFO     cleaning up job
ngcor INFO     done
$ ls -R corr
corr:
Makefile
out
tmp

corr/out:
halloween:halloween.tsv
halloween:s%40ndy.tsv

corr/tmp:
$ head -10 corr/out/halloween:halloween.tsv
en Halloween	0.999828812323	13586.1	31.0247
en Halloween_(disambiguation)	0.999563902118	206.44	0.395273
en Halloween_around_the_world	0.999312119626	123.066	0.424708
en Halloween_Horror_Nights	0.999104849073	192.283	0.252302
ru %D0%A5%D1%8D%D0%BB%D0%BB%D0%BE%D1%83%D0%B8%D0%BD_(%D1%84%D0%B8%D0%BB%D1%8C%D0%BC)	0.997415107448	119.87	0.290369
en Halloween_(1978_film)	0.974562714834	128.029	2.26231
ru %D0%A5%D1%8D%D0%BB%D0%BB%D0%BE%D1%83%D0%B8%D0%BD	0.9735718217	5775.24	18.7288
en Halloween_(franchise)	0.958193216976	123.399	2.26651
en Effects_of_Hurricane_Sandy_in_New_York	0.930826432493	166.125	0.0
en Halloween_(2007_film)	0.927019153871	123.764	1.37084
$ head -10 corr/out/halloween:s%40ndy.tsv
en Hurricane_Sandy_(2012)	0.974445068716	137.969	1.35402
en Hurricane_Sandy	0.963662060558	1294.29	10.7481
